2026-08-19 11:40:11 --- Meta Merge WhatsApp API Call for 919360157880
Meta Merge WhatsApp | Status: 200 | Body: {"success":true,"message":"Message sent successfully","data":{"id":27621,"recipient":"919360157880","type":"text","message":"Your OTP verification code is *546220* for *Launchshop Ecommerce* - Valid for 5 minutes.","device_id":1521,"is_group":false,"variables":{}}}
SUCCESS! WhatsApp OTP sent via Meta Merge Cloud.

2026-08-19 11:47:59 --- Meta Merge WhatsApp API Call for 916374913298
Meta Merge WhatsApp | Status: 200 | Body: {"success":true,"message":"Message sent successfully","data":{"id":27628,"recipient":"916374913298","type":"text","message":"Your OTP verification code is *451139* for *Launchshop Ecommerce* - Valid for 5 minutes.","device_id":1521,"is_group":false,"variables":{}}}
SUCCESS! WhatsApp OTP sent via Meta Merge Cloud.

2026-08-19 12:12:47 --- Meta Merge WhatsApp API Call for 916374913298
Meta Merge WhatsApp | Status: 200 | Body: {"success":true,"message":"Message sent successfully","data":{"id":27655,"recipient":"916374913298","type":"text","message":"Your OTP verification code is *297446* for *Launchshop Ecommerce* - This code is valid for *5 minutes* - Please do not share it with anyone.","device_id":1521,"is_group":false,"variables":{}}}
SUCCESS! WhatsApp OTP sent via Meta Merge Cloud.

2026-08-19 12:57:25 --- Meta Merge WhatsApp API Call for 919360157880
Meta Merge WhatsApp | Status: 200 | Body: {"success":true,"message":"Message sent successfully","data":{"id":27723,"recipient":"919360157880","type":"text","message":"Your OTP verification code is *892392* for *Launchshop Ecommerce* - This code is valid for *5 minutes* - Please do not share it with anyone.","device_id":1521,"is_group":false,"variables":{}}}
SUCCESS! WhatsApp OTP sent via Meta Merge Cloud.

2026-08-19 13:26:53 --- Meta Merge WhatsApp API Call for 919360157880
Meta Merge WhatsApp | Status: 200 | Body: {"success":true,"message":"Message sent successfully","data":{"id":27738,"recipient":"919360157880","type":"text","message":"Your OTP verification code is *303624* for *Launchshop Ecommerce* - This code is valid for *5 minutes* - Please do not share it with anyone.","device_id":1521,"is_group":false,"variables":{}}}
SUCCESS! WhatsApp OTP sent via Meta Merge Cloud.

2026-08-19 13:27:27 --- Meta Merge WhatsApp API Call for 919360157880
Meta Merge WhatsApp | Status: 200 | Body: {"success":true,"message":"Message sent successfully","data":{"id":27740,"recipient":"919360157880","type":"text","message":"Your OTP verification code is *743608* for *Launchshop Ecommerce* - This code is valid for *5 minutes* - Please do not share it with anyone.","device_id":1521,"is_group":false,"variables":{}}}
SUCCESS! WhatsApp OTP sent via Meta Merge Cloud.

2026-08-19 13:42:55 --- Meta Merge WhatsApp API Call for 916374913298
Meta Merge WhatsApp | Status: 200 | Body: {"success":true,"message":"Message sent successfully","data":{"id":27757,"recipient":"916374913298","type":"text","message":"Your OTP verification code is *748173* for *Launchshop Ecommerce* - This code is valid for *5 minutes* - Please do not share it with anyone.","device_id":1521,"is_group":false,"variables":{}}}
SUCCESS! WhatsApp OTP sent via Meta Merge Cloud.

2026-08-19 13:54:00 --- Meta Merge WhatsApp API Call for 916374913298
Meta Merge WhatsApp | Status: 200 | Body: {"success":true,"message":"Message sent successfully","data":{"id":27761,"recipient":"916374913298","type":"text","message":"Your OTP verification code is *340899* for *Launchshop Ecommerce* - This code is valid for *5 minutes* - Please do not share it with anyone.","device_id":1521,"is_group":false,"variables":{}}}
SUCCESS! WhatsApp OTP sent via Meta Merge Cloud.

2026-08-19 14:32:42 --- Meta Merge WhatsApp API Call for 919360157880
Meta Merge WhatsApp | Status: 200 | Body: {"success":true,"message":"Message sent successfully","data":{"id":27894,"recipient":"919360157880","type":"text","message":"Your OTP verification code is *675260* for *Launchshop Ecommerce* - This code is valid for *5 minutes* - Please do not share it with anyone.","device_id":1521,"is_group":false,"variables":{}}}
SUCCESS! WhatsApp OTP sent via Meta Merge Cloud.

2026-08-19 14:33:39 --- Meta Merge WhatsApp API Call for 919360157880
Meta Merge WhatsApp | Status: 200 | Body: {"success":true,"message":"Message sent successfully","data":{"id":27905,"recipient":"919360157880","type":"text","message":"Your OTP verification code is *959241* for *Launchshop Ecommerce* - This code is valid for *5 minutes* - Please do not share it with anyone.","device_id":1521,"is_group":false,"variables":{}}}
SUCCESS! WhatsApp OTP sent via Meta Merge Cloud.

2026-08-19 15:47:55 --- Meta Merge WhatsApp API Call for 919360157880
Meta Merge WhatsApp | Status: 200 | Body: {"success":true,"message":"Message sent successfully","data":{"id":27951,"recipient":"919360157880","type":"text","message":"Your OTP verification code is *951247* for *Launchshop Ecommerce* - This code is valid for *5 minutes* - Please do not share it with anyone.","device_id":1521,"is_group":false,"variables":{}}}
SUCCESS! WhatsApp OTP sent via Meta Merge Cloud.

2026-08-19 16:05:13 --- Meta Merge WhatsApp API Call for 919360157880
Meta Merge WhatsApp | Status: 200 | Body: {"success":true,"message":"Message sent successfully","data":{"id":27974,"recipient":"919360157880","type":"text","message":"Your OTP verification code is *260280* for *Launchshop Ecommerce* - This code is valid for *5 minutes* - Please do not share it with anyone.","device_id":1521,"is_group":false,"variables":{}}}
SUCCESS! WhatsApp OTP sent via Meta Merge Cloud.

2026-08-19 16:14:51 --- Meta Merge WhatsApp API Call for 919360157880
Meta Merge WhatsApp | Status: 200 | Body: {"success":true,"message":"Message sent successfully","data":{"id":27978,"recipient":"919360157880","type":"text","message":"Your OTP verification code is *688917* for *Launchshop Ecommerce* - This code is valid for *5 minutes* - Please do not share it with anyone.","device_id":1521,"is_group":false,"variables":{}}}
SUCCESS! WhatsApp OTP sent via Meta Merge Cloud.

[2026-08-19 16:16:08] Meta Merge Welcome WhatsApp | Phone: 919360157880 | Status: 200 | Theme: manti | Image: https://raw.githubusercontent.com/nooryak-technologies/nooryak_launchshop/main/public/images/logo.png | Response: {"success":true,"message":"Message sent successfully","data":{"id":27979,"recipient":"919360157880","type":"image","message":"🎉 *Welcome to LaunchShop!*\n\nYour store account has been created successfully.\n\n👤 *Store Name:* Mystoer\n📧 *Email:* nooryak.bahd@gmail.com\n📞 *Phone Number:* 9360157880\n🔑 *Password:* bahad@123\n📦 *Plan:* Premium (₹8999)\n\n🔗 *Store Live Link:* mystoer.launchshop.in\n🔗 *Login to your store dashboard:*\nlaunchshop.in/login\n\nNeed help? Chat with us anytime.\n– Team LaunchShop 🚀","device_id":1521,"is_group":false,"variables":{"url":"https://raw.githubusercontent.com/nooryak-technologies/nooryak_launchshop/main/public/images/logo.png"}}}

